
> cbc-school-management-system@1.0.0 build
> next build

   Ôû▓ Next.js 14.1.0
   - Environments: .env

   Creating an optimized production build ...
node.exe : Compiler edge-server unexpectedly exited with code: null and signal: SIGTERM
At line:1 char:1
+ & "C:\Program Files\nodejs/node.exe" "C:\Users\pc\AppData\Roaming\npm ...
+ ~~~~~~~~~~~~~~~~~~~~~~~~~~~~~~~~~~~~~~~~~~~~~~~~~~~~~~~~~~~~~~~~~~~~~
    + CategoryInfo          : NotSpecified: (Compiler edge-s...signal: SIGTERM:String) [], RemoteException
    + FullyQualifiedErrorId : NativeCommandError
 
 Ô£ô Compiled successfully
   Skipping linting
   Checking validity of types ...
   Collecting page data ...
   Generating static pages (0/139) ...
Academic years API error: s [Error]: Dynamic server usage: Page couldn't be rendered statically because it used 
`cookies`. See more info here: https://nextjs.org/docs/messages/dynamic-server-error
    at u (C:\Users\pc\Desktop\school management system\.next\server\chunks\6682.js:6:6008)
    at h (C:\Users\pc\Desktop\school management system\.next\server\chunks\6682.js:6:3486)
    at o (C:\Users\pc\Desktop\school management system\.next\server\app\api\attendance\import\route.js:1:8222)
    at r (C:\Users\pc\Desktop\school management system\.next\server\chunks\8742.js:40:3622)
    at l (C:\Users\pc\Desktop\school management system\.next\server\app\api\academic-years\route.js:1:808)
    at C:\Users\pc\Desktop\school management 
system\node_modules\next\dist\compiled\next-server\app-route.runtime.prod.js:6:42490
    at C:\Users\pc\Desktop\school management system\node_modules\next\dist\server\lib\trace\tracer.js:133:36
    at NoopContextManager.with (C:\Users\pc\Desktop\school management 
system\node_modules\next\dist\compiled\@opentelemetry\api\index.js:1:7062)
    at ContextAPI.with (C:\Users\pc\Desktop\school management 
system\node_modules\next\dist\compiled\@opentelemetry\api\index.js:1:518)
    at NoopTracer.startActiveSpan (C:\Users\pc\Desktop\school management 
system\node_modules\next\dist\compiled\@opentelemetry\api\index.js:1:18093) {
  description: "Page couldn't be rendered statically because it used `cookies`. See more info here: 
https://nextjs.org/docs/messages/dynamic-server-error",
  digest: 'DYNAMIC_SERVER_USAGE'
}
Terms API error: s [Error]: Dynamic server usage: Page couldn't be rendered statically because it used `cookies`. See 
more info here: https://nextjs.org/docs/messages/dynamic-server-error
    at u (C:\Users\pc\Desktop\school management system\.next\server\chunks\6682.js:6:6008)
    at h (C:\Users\pc\Desktop\school management system\.next\server\chunks\6682.js:6:3486)
    at o (C:\Users\pc\Desktop\school management system\.next\server\app\api\attendance\import\route.js:1:8222)
    at r (C:\Users\pc\Desktop\school management system\.next\server\chunks\8742.js:40:3622)
    at u (C:\Users\pc\Desktop\school management system\.next\server\app\api\terms\route.js:1:807)
    at C:\Users\pc\Desktop\school management 
system\node_modules\next\dist\compiled\next-server\app-route.runtime.prod.js:6:42490
    at C:\Users\pc\Desktop\school management system\node_modules\next\dist\server\lib\trace\tracer.js:133:36
    at NoopContextManager.with (C:\Users\pc\Desktop\school management 
system\node_modules\next\dist\compiled\@opentelemetry\api\index.js:1:7062)
    at ContextAPI.with (C:\Users\pc\Desktop\school management 
system\node_modules\next\dist\compiled\@opentelemetry\api\index.js:1:518)
    at NoopTracer.startActiveSpan (C:\Users\pc\Desktop\school management 
system\node_modules\next\dist\compiled\@opentelemetry\api\index.js:1:18093) {
  description: "Page couldn't be rendered statically because it used `cookies`. See more info here: 
https://nextjs.org/docs/messages/dynamic-server-error",
  digest: 'DYNAMIC_SERVER_USAGE'
}
API Error: s [Error]: Dynamic server usage: Page couldn't be rendered statically because it used `cookies`. See more 
info here: https://nextjs.org/docs/messages/dynamic-server-error
    at u (C:\Users\pc\Desktop\school management system\.next\server\chunks\6682.js:6:6008)
    at h (C:\Users\pc\Desktop\school management system\.next\server\chunks\6682.js:6:3486)
    at o (C:\Users\pc\Desktop\school management system\.next\server\app\api\attendance\import\route.js:1:8222)
    at u (C:\Users\pc\Desktop\school management system\.next\server\app\api\analytics\class\[id]\route.js:1:2106)
    at c (C:\Users\pc\Desktop\school management system\.next\server\app\api\analytics\class\[id]\route.js:12:421)
    at C:\Users\pc\Desktop\school management system\.next\server\app\api\analytics\class\[id]\route.js:12:1276
    at C:\Users\pc\Desktop\school management 
system\node_modules\next\dist\compiled\next-server\app-route.runtime.prod.js:6:42490
    at C:\Users\pc\Desktop\school management system\node_modules\next\dist\server\lib\trace\tracer.js:133:36
    at NoopContextManager.with (C:\Users\pc\Desktop\school management 
system\node_modules\next\dist\compiled\@opentelemetry\api\index.js:1:7062)
    at ContextAPI.with (C:\Users\pc\Desktop\school management 
system\node_modules\next\dist\compiled\@opentelemetry\api\index.js:1:518) {
  description: "Page couldn't be rendered statically because it used `cookies`. See more info here: 
https://nextjs.org/docs/messages/dynamic-server-error",
  digest: 'DYNAMIC_SERVER_USAGE'
}
API Error: s [Error]: Dynamic server usage: Page couldn't be rendered statically because it used `cookies`. See more 
info here: https://nextjs.org/docs/messages/dynamic-server-error
    at u (C:\Users\pc\Desktop\school management system\.next\server\chunks\6682.js:6:6008)
    at h (C:\Users\pc\Desktop\school management system\.next\server\chunks\6682.js:6:3486)
    at i (C:\Users\pc\Desktop\school management system\.next\server\app\api\auth\password-reset\route.js:1:2004)
    at o (C:\Users\pc\Desktop\school management system\.next\server\app\api\analytics\school\route.js:8:13610)
    at C:\Users\pc\Desktop\school management system\.next\server\app\api\analytics\school\route.js:19:890
    at C:\Users\pc\Desktop\school management 
system\node_modules\next\dist\compiled\next-server\app-route.runtime.prod.js:6:42490
    at C:\Users\pc\Desktop\school management system\node_modules\next\dist\server\lib\trace\tracer.js:133:36
    at NoopContextManager.with (C:\Users\pc\Desktop\school management 
system\node_modules\next\dist\compiled\@opentelemetry\api\index.js:1:7062)
    at ContextAPI.with (C:\Users\pc\Desktop\school management 
system\node_modules\next\dist\compiled\@opentelemetry\api\index.js:1:518)
    at NoopTracer.startActiveSpan (C:\Users\pc\Desktop\school management 
system\node_modules\next\dist\compiled\@opentelemetry\api\index.js:1:18093) {
  description: "Page couldn't be rendered statically because it used `cookies`. See more info here: 
https://nextjs.org/docs/messages/dynamic-server-error",
  digest: 'DYNAMIC_SERVER_USAGE'
}
API Error: s [Error]: Dynamic server usage: Page couldn't be rendered statically because it used `cookies`. See more 
info here: https://nextjs.org/docs/messages/dynamic-server-error
    at u (C:\Users\pc\Desktop\school management system\.next\server\chunks\6682.js:6:6008)
    at h (C:\Users\pc\Desktop\school management system\.next\server\chunks\6682.js:6:3486)
    at i (C:\Users\pc\Desktop\school management system\.next\server\app\api\academic-years\route.js:12:495)
    at l (C:\Users\pc\Desktop\school management system\.next\server\chunks\4347.js:38:1501)
    at d (C:\Users\pc\Desktop\school management system\.next\server\chunks\4347.js:49:421)
    at C:\Users\pc\Desktop\school management system\.next\server\chunks\4347.js:49:1276
    at C:\Users\pc\Desktop\school management 
system\node_modules\next\dist\compiled\next-server\app-route.runtime.prod.js:6:42490
    at C:\Users\pc\Desktop\school management system\node_modules\next\dist\server\lib\trace\tracer.js:133:36
    at NoopContextManager.with (C:\Users\pc\Desktop\school management 
system\node_modules\next\dist\compiled\@opentelemetry\api\index.js:1:7062)
    at ContextAPI.with (C:\Users\pc\Desktop\school management 
system\node_modules\next\dist\compiled\@opentelemetry\api\index.js:1:518) {
  description: "Page couldn't be rendered statically because it used `cookies`. See more info here: 
https://nextjs.org/docs/messages/dynamic-server-error",
  digest: 'DYNAMIC_SERVER_USAGE'
}
API Error: s [Error]: Dynamic server usage: Page couldn't be rendered statically because it used `cookies`. See more 
info here: https://nextjs.org/docs/messages/dynamic-server-error
    at u (C:\Users\pc\Desktop\school management system\.next\server\chunks\6682.js:6:6008)
    at h (C:\Users\pc\Desktop\school management system\.next\server\chunks\6682.js:6:3486)
    at o (C:\Users\pc\Desktop\school management system\.next\server\app\api\attendance\import\route.js:1:8222)
    at u (C:\Users\pc\Desktop\school management system\.next\server\app\api\analytics\class\[id]\route.js:1:2106)
    at C:\Users\pc\Desktop\school management system\.next\server\app\api\analytics\class\[id]\route.js:12:890
    at C:\Users\pc\Desktop\school management 
system\node_modules\next\dist\compiled\next-server\app-route.runtime.prod.js:6:42490
    at C:\Users\pc\Desktop\school management system\node_modules\next\dist\server\lib\trace\tracer.js:133:36
    at NoopContextManager.with (C:\Users\pc\Desktop\school management 
system\node_modules\next\dist\compiled\@opentelemetry\api\index.js:1:7062)
    at ContextAPI.with (C:\Users\pc\Desktop\school management 
system\node_modules\next\dist\compiled\@opentelemetry\api\index.js:1:518)
    at NoopTracer.startActiveSpan (C:\Users\pc\Desktop\school management 
system\node_modules\next\dist\compiled\@opentelemetry\api\index.js:1:18093) {
  description: "Page couldn't be rendered statically because it used `cookies`. See more info here: 
https://nextjs.org/docs/messages/dynamic-server-error",
  digest: 'DYNAMIC_SERVER_USAGE'
}
API Error: s [Error]: Dynamic server usage: Page couldn't be rendered statically because it used `cookies`. See more 
info here: https://nextjs.org/docs/messages/dynamic-server-error
    at u (C:\Users\pc\Desktop\school management system\.next\server\chunks\6682.js:6:6008)
    at h (C:\Users\pc\Desktop\school management system\.next\server\chunks\6682.js:6:3486)
    at i (C:\Users\pc\Desktop\school management system\.next\server\app\api\auth\password-reset\route.js:1:2004)
    at o (C:\Users\pc\Desktop\school management system\.next\server\app\api\analytics\school\route.js:8:13610)
    at C:\Users\pc\Desktop\school management system\.next\server\app\api\analytics\school\route.js:19:890
    at C:\Users\pc\Desktop\school management 
system\node_modules\next\dist\compiled\next-server\app-route.runtime.prod.js:6:42490
    at C:\Users\pc\Desktop\school management system\node_modules\next\dist\server\lib\trace\tracer.js:133:36
    at NoopContextManager.with (C:\Users\pc\Desktop\school management 
system\node_modules\next\dist\compiled\@opentelemetry\api\index.js:1:7062)
    at ContextAPI.with (C:\Users\pc\Desktop\school management 
system\node_modules\next\dist\compiled\@opentelemetry\api\index.js:1:518)
    at NoopTracer.startActiveSpan (C:\Users\pc\Desktop\school management 
system\node_modules\next\dist\compiled\@opentelemetry\api\index.js:1:18093) {
  description: "Page couldn't be rendered statically because it used `cookies`. See more info here: 
https://nextjs.org/docs/messages/dynamic-server-error",
  digest: 'DYNAMIC_SERVER_USAGE'
}
API Error: s [Error]: Dynamic server usage: Page couldn't be rendered statically because it used `cookies`. See more 
info here: https://nextjs.org/docs/messages/dynamic-server-error
    at u (C:\Users\pc\Desktop\school management system\.next\server\chunks\6682.js:6:6008)
    at h (C:\Users\pc\Desktop\school management system\.next\server\chunks\6682.js:6:3486)
    at i (C:\Users\pc\Desktop\school management system\.next\server\app\api\academic-years\route.js:12:495)
    at l (C:\Users\pc\Desktop\school management system\.next\server\chunks\4347.js:38:1501)
    at d (C:\Users\pc\Desktop\school management system\.next\server\chunks\4347.js:49:421)
    at C:\Users\pc\Desktop\school management system\.next\server\chunks\4347.js:49:1276
    at C:\Users\pc\Desktop\school management 
system\node_modules\next\dist\compiled\next-server\app-route.runtime.prod.js:6:42490
    at C:\Users\pc\Desktop\school management system\node_modules\next\dist\server\lib\trace\tracer.js:133:36
    at NoopContextManager.with (C:\Users\pc\Desktop\school management 
system\node_modules\next\dist\compiled\@opentelemetry\api\index.js:1:7062)
    at ContextAPI.with (C:\Users\pc\Desktop\school management 
system\node_modules\next\dist\compiled\@opentelemetry\api\index.js:1:518) {
  description: "Page couldn't be rendered statically because it used `cookies`. See more info here: 
https://nextjs.org/docs/messages/dynamic-server-error",
  digest: 'DYNAMIC_SERVER_USAGE'
}
API Error: s [Error]: Dynamic server usage: Page couldn't be rendered statically because it used `cookies`. See more 
info here: https://nextjs.org/docs/messages/dynamic-server-error
    at u (C:\Users\pc\Desktop\school management system\.next\server\chunks\6682.js:6:6008)
    at h (C:\Users\pc\Desktop\school management system\.next\server\chunks\6682.js:6:3486)
    at o (C:\Users\pc\Desktop\school management system\.next\server\app\api\attendance\import\route.js:1:8222)
    at u (C:\Users\pc\Desktop\school management system\.next\server\app\api\analytics\class\[id]\route.js:1:2106)
    at C:\Users\pc\Desktop\school management system\.next\server\app\api\analytics\class\[id]\route.js:12:890
    at C:\Users\pc\Desktop\school management 
system\node_modules\next\dist\compiled\next-server\app-route.runtime.prod.js:6:42490
    at C:\Users\pc\Desktop\school management system\node_modules\next\dist\server\lib\trace\tracer.js:133:36
    at NoopContextManager.with (C:\Users\pc\Desktop\school management 
system\node_modules\next\dist\compiled\@opentelemetry\api\index.js:1:7062)
    at ContextAPI.with (C:\Users\pc\Desktop\school management 
system\node_modules\next\dist\compiled\@opentelemetry\api\index.js:1:518)
    at NoopTracer.startActiveSpan (C:\Users\pc\Desktop\school management 
system\node_modules\next\dist\compiled\@opentelemetry\api\index.js:1:18093) {
  description: "Page couldn't be rendered statically because it used `cookies`. See more info here: 
https://nextjs.org/docs/messages/dynamic-server-error",
  digest: 'DYNAMIC_SERVER_USAGE'
}
API Error: s [Error]: Dynamic server usage: Page couldn't be rendered statically because it used `cookies`. See more 
info here: https://nextjs.org/docs/messages/dynamic-server-error
    at u (C:\Users\pc\Desktop\school management system\.next\server\chunks\6682.js:6:6008)
    at h (C:\Users\pc\Desktop\school management system\.next\server\chunks\6682.js:6:3486)
    at i (C:\Users\pc\Desktop\school management system\.next\server\app\api\academic-years\route.js:12:495)
    at l (C:\Users\pc\Desktop\school management system\.next\server\chunks\4347.js:38:1501)
    at d (C:\Users\pc\Desktop\school management system\.next\server\chunks\4347.js:49:421)
    at C:\Users\pc\Desktop\school management system\.next\server\chunks\4347.js:49:1276
    at C:\Users\pc\Desktop\school management 
system\node_modules\next\dist\compiled\next-server\app-route.runtime.prod.js:6:42490
    at C:\Users\pc\Desktop\school management system\node_modules\next\dist\server\lib\trace\tracer.js:133:36
    at NoopContextManager.with (C:\Users\pc\Desktop\school management 
system\node_modules\next\dist\compiled\@opentelemetry\api\index.js:1:7062)
    at ContextAPI.with (C:\Users\pc\Desktop\school management 
system\node_modules\next\dist\compiled\@opentelemetry\api\index.js:1:518) {
  description: "Page couldn't be rendered statically because it used `cookies`. See more info here: 
https://nextjs.org/docs/messages/dynamic-server-error",
  digest: 'DYNAMIC_SERVER_USAGE'
}
API Error: s [Error]: Dynamic server usage: Page couldn't be rendered statically because it used `cookies`. See more 
info here: https://nextjs.org/docs/messages/dynamic-server-error
    at u (C:\Users\pc\Desktop\school management system\.next\server\chunks\6682.js:6:6008)
    at h (C:\Users\pc\Desktop\school management system\.next\server\chunks\6682.js:6:3486)
    at i (C:\Users\pc\Desktop\school management system\.next\server\app\api\auth\password-reset\route.js:1:2004)
    at o (C:\Users\pc\Desktop\school management system\.next\server\app\api\analytics\school\route.js:8:13610)
    at l (C:\Users\pc\Desktop\school management system\.next\server\app\api\analytics\school\route.js:19:421)
    at C:\Users\pc\Desktop\school management system\.next\server\app\api\analytics\school\route.js:19:1276
    at C:\Users\pc\Desktop\school management 
system\node_modules\next\dist\compiled\next-server\app-route.runtime.prod.js:6:42490
    at C:\Users\pc\Desktop\school management system\node_modules\next\dist\server\lib\trace\tracer.js:133:36
    at NoopContextManager.with (C:\Users\pc\Desktop\school management 
system\node_modules\next\dist\compiled\@opentelemetry\api\index.js:1:7062)
    at ContextAPI.with (C:\Users\pc\Desktop\school management 
system\node_modules\next\dist\compiled\@opentelemetry\api\index.js:1:518) {
  description: "Page couldn't be rendered statically because it used `cookies`. See more info here: 
https://nextjs.org/docs/messages/dynamic-server-error",
  digest: 'DYNAMIC_SERVER_USAGE'
}
API Error: s [Error]: Dynamic server usage: Page couldn't be rendered statically because it used `cookies`. See more 
info here: https://nextjs.org/docs/messages/dynamic-server-error
    at u (C:\Users\pc\Desktop\school management system\.next\server\chunks\6682.js:6:6008)
    at h (C:\Users\pc\Desktop\school management system\.next\server\chunks\6682.js:6:3486)
    at o (C:\Users\pc\Desktop\school management system\.next\server\app\api\attendance\import\route.js:1:8222)
    at u (C:\Users\pc\Desktop\school management system\.next\server\app\api\analytics\class\[id]\route.js:1:2106)
    at c (C:\Users\pc\Desktop\school management system\.next\server\app\api\analytics\class\[id]\route.js:12:421)
    at C:\Users\pc\Desktop\school management system\.next\server\app\api\analytics\class\[id]\route.js:12:1276
    at C:\Users\pc\Desktop\school management 
system\node_modules\next\dist\compiled\next-server\app-route.runtime.prod.js:6:42490
    at C:\Users\pc\Desktop\school management system\node_modules\next\dist\server\lib\trace\tracer.js:133:36
    at NoopContextManager.with (C:\Users\pc\Desktop\school management 
system\node_modules\next\dist\compiled\@opentelemetry\api\index.js:1:7062)
    at ContextAPI.with (C:\Users\pc\Desktop\school management 
system\node_modules\next\dist\compiled\@opentelemetry\api\index.js:1:518) {
  description: "Page couldn't be rendered statically because it used `cookies`. See more info here: 
https://nextjs.org/docs/messages/dynamic-server-error",
  digest: 'DYNAMIC_SERVER_USAGE'
}
API Error: s [Error]: Dynamic server usage: Page couldn't be rendered statically because it used `cookies`. See more 
info here: https://nextjs.org/docs/messages/dynamic-server-error
    at u (C:\Users\pc\Desktop\school management system\.next\server\chunks\6682.js:6:6008)
    at h (C:\Users\pc\Desktop\school management system\.next\server\chunks\6682.js:6:3486)
    at i (C:\Users\pc\Desktop\school management system\.next\server\app\api\academic-years\route.js:12:495)
    at l (C:\Users\pc\Desktop\school management system\.next\server\chunks\4347.js:38:1501)
    at d (C:\Users\pc\Desktop\school management system\.next\server\chunks\4347.js:49:421)
    at C:\Users\pc\Desktop\school management system\.next\server\chunks\4347.js:49:1276
    at C:\Users\pc\Desktop\school management 
system\node_modules\next\dist\compiled\next-server\app-route.runtime.prod.js:6:42490
    at C:\Users\pc\Desktop\school management system\node_modules\next\dist\server\lib\trace\tracer.js:133:36
    at NoopContextManager.with (C:\Users\pc\Desktop\school management 
system\node_modules\next\dist\compiled\@opentelemetry\api\index.js:1:7062)
    at ContextAPI.with (C:\Users\pc\Desktop\school management 
system\node_modules\next\dist\compiled\@opentelemetry\api\index.js:1:518) {
  description: "Page couldn't be rendered statically because it used `cookies`. See more info here: 
https://nextjs.org/docs/messages/dynamic-server-error",
  digest: 'DYNAMIC_SERVER_USAGE'
}

   Generating static pages (34/139) 
API Error: s [Error]: Dynamic server usage: Page couldn't be rendered statically because it used `cookies`. See more 
info here: https://nextjs.org/docs/messages/dynamic-server-error
    at u (C:\Users\pc\Desktop\school management system\.next\server\chunks\6682.js:6:6008)
    at h (C:\Users\pc\Desktop\school management system\.next\server\chunks\6682.js:6:3486)
    at o (C:\Users\pc\Desktop\school management system\.next\server\app\api\attendance\import\route.js:1:8222)
    at u (C:\Users\pc\Desktop\school management system\.next\server\app\api\analytics\class\[id]\route.js:1:2106)
    at c (C:\Users\pc\Desktop\school management system\.next\server\app\api\analytics\class\[id]\route.js:12:421)
    at C:\Users\pc\Desktop\school management system\.next\server\app\api\analytics\class\[id]\route.js:12:1276
    at C:\Users\pc\Desktop\school management 
system\node_modules\next\dist\compiled\next-server\app-route.runtime.prod.js:6:42490
    at C:\Users\pc\Desktop\school management system\node_modules\next\dist\server\lib\trace\tracer.js:133:36
    at NoopContextManager.with (C:\Users\pc\Desktop\school management 
system\node_modules\next\dist\compiled\@opentelemetry\api\index.js:1:7062)
    at ContextAPI.with (C:\Users\pc\Desktop\school management 
system\node_modules\next\dist\compiled\@opentelemetry\api\index.js:1:518) {
  description: "Page couldn't be rendered statically because it used `cookies`. See more info here: 
https://nextjs.org/docs/messages/dynamic-server-error",
  digest: 'DYNAMIC_SERVER_USAGE'
}
API Error: s [Error]: Dynamic server usage: Page couldn't be rendered statically because it used `cookies`. See more 
info here: https://nextjs.org/docs/messages/dynamic-server-error
    at u (C:\Users\pc\Desktop\school management system\.next\server\chunks\6682.js:6:6008)
    at h (C:\Users\pc\Desktop\school management system\.next\server\chunks\6682.js:6:3486)
    at i (C:\Users\pc\Desktop\school management system\.next\server\app\api\academic-years\route.js:12:495)
    at l (C:\Users\pc\Desktop\school management system\.next\server\chunks\4347.js:38:1501)
    at d (C:\Users\pc\Desktop\school management system\.next\server\chunks\4347.js:49:421)
    at C:\Users\pc\Desktop\school management system\.next\server\chunks\4347.js:49:1276
    at C:\Users\pc\Desktop\school management 
system\node_modules\next\dist\compiled\next-server\app-route.runtime.prod.js:6:42490
    at C:\Users\pc\Desktop\school management system\node_modules\next\dist\server\lib\trace\tracer.js:133:36
    at NoopContextManager.with (C:\Users\pc\Desktop\school management 
system\node_modules\next\dist\compiled\@opentelemetry\api\index.js:1:7062)
    at ContextAPI.with (C:\Users\pc\Desktop\school management 
system\node_modules\next\dist\compiled\@opentelemetry\api\index.js:1:518) {
  description: "Page couldn't be rendered statically because it used `cookies`. See more info here: 
https://nextjs.org/docs/messages/dynamic-server-error",
  digest: 'DYNAMIC_SERVER_USAGE'
}
API Error: s [Error]: Dynamic server usage: Page couldn't be rendered statically because it used `cookies`. See more 
info here: https://nextjs.org/docs/messages/dynamic-server-error
    at u (C:\Users\pc\Desktop\school management system\.next\server\chunks\6682.js:6:6008)
    at h (C:\Users\pc\Desktop\school management system\.next\server\chunks\6682.js:6:3486)
    at i (C:\Users\pc\Desktop\school management system\.next\server\app\api\academic-years\route.js:12:495)
    at l (C:\Users\pc\Desktop\school management system\.next\server\chunks\4347.js:38:1501)
    at d (C:\Users\pc\Desktop\school management system\.next\server\chunks\4347.js:49:421)
    at C:\Users\pc\Desktop\school management system\.next\server\chunks\4347.js:49:1276
    at C:\Users\pc\Desktop\school management 
system\node_modules\next\dist\compiled\next-server\app-route.runtime.prod.js:6:42490
    at C:\Users\pc\Desktop\school management system\node_modules\next\dist\server\lib\trace\tracer.js:133:36
    at NoopContextManager.with (C:\Users\pc\Desktop\school management 
system\node_modules\next\dist\compiled\@opentelemetry\api\index.js:1:7062)
    at ContextAPI.with (C:\Users\pc\Desktop\school management 
system\node_modules\next\dist\compiled\@opentelemetry\api\index.js:1:518) {
  description: "Page couldn't be rendered statically because it used `cookies`. See more info here: 
https://nextjs.org/docs/messages/dynamic-server-error",
  digest: 'DYNAMIC_SERVER_USAGE'
}
API Error: s [Error]: Dynamic server usage: Page couldn't be rendered statically because it used `cookies`. See more 
info here: https://nextjs.org/docs/messages/dynamic-server-error
    at u (C:\Users\pc\Desktop\school management system\.next\server\chunks\6682.js:6:6008)
    at h (C:\Users\pc\Desktop\school management system\.next\server\chunks\6682.js:6:3486)
    at o (C:\Users\pc\Desktop\school management system\.next\server\app\api\attendance\import\route.js:1:8222)
    at u (C:\Users\pc\Desktop\school management system\.next\server\app\api\analytics\class\[id]\route.js:1:2106)
    at c (C:\Users\pc\Desktop\school management system\.next\server\app\api\analytics\class\[id]\route.js:12:421)
    at C:\Users\pc\Desktop\school management system\.next\server\app\api\analytics\class\[id]\route.js:12:1276
    at C:\Users\pc\Desktop\school management 
system\node_modules\next\dist\compiled\next-server\app-route.runtime.prod.js:6:42490
    at C:\Users\pc\Desktop\school management system\node_modules\next\dist\server\lib\trace\tracer.js:133:36
    at NoopContextManager.with (C:\Users\pc\Desktop\school management 
system\node_modules\next\dist\compiled\@opentelemetry\api\index.js:1:7062)
    at ContextAPI.with (C:\Users\pc\Desktop\school management 
system\node_modules\next\dist\compiled\@opentelemetry\api\index.js:1:518) {
  description: "Page couldn't be rendered statically because it used `cookies`. See more info here: 
https://nextjs.org/docs/messages/dynamic-server-error",
  digest: 'DYNAMIC_SERVER_USAGE'
}
API Error: s [Error]: Dynamic server usage: Page couldn't be rendered statically because it used `cookies`. See more 
info here: https://nextjs.org/docs/messages/dynamic-server-error
    at u (C:\Users\pc\Desktop\school management system\.next\server\chunks\6682.js:6:6008)
    at h (C:\Users\pc\Desktop\school management system\.next\server\chunks\6682.js:6:3486)
    at i (C:\Users\pc\Desktop\school management system\.next\server\app\api\academic-years\route.js:12:495)
    at l (C:\Users\pc\Desktop\school management system\.next\server\chunks\4347.js:38:1501)
    at C:\Users\pc\Desktop\school management system\.next\server\chunks\4347.js:49:890
    at C:\Users\pc\Desktop\school management 
system\node_modules\next\dist\compiled\next-server\app-route.runtime.prod.js:6:42490
    at C:\Users\pc\Desktop\school management system\node_modules\next\dist\server\lib\trace\tracer.js:133:36
    at NoopContextManager.with (C:\Users\pc\Desktop\school management 
system\node_modules\next\dist\compiled\@opentelemetry\api\index.js:1:7062)
    at ContextAPI.with (C:\Users\pc\Desktop\school management 
system\node_modules\next\dist\compiled\@opentelemetry\api\index.js:1:518)
    at NoopTracer.startActiveSpan (C:\Users\pc\Desktop\school management 
system\node_modules\next\dist\compiled\@opentelemetry\api\index.js:1:18093) {
  description: "Page couldn't be rendered statically because it used `cookies`. See more info here: 
https://nextjs.org/docs/messages/dynamic-server-error",
  digest: 'DYNAMIC_SERVER_USAGE'
}
API Error: s [Error]: Dynamic server usage: Page couldn't be rendered statically because it used `cookies`. See more 
info here: https://nextjs.org/docs/messages/dynamic-server-error
    at u (C:\Users\pc\Desktop\school management system\.next\server\chunks\6682.js:6:6008)
    at h (C:\Users\pc\Desktop\school management system\.next\server\chunks\6682.js:6:3486)
    at i (C:\Users\pc\Desktop\school management system\.next\server\app\api\academic-years\route.js:12:495)
    at l (C:\Users\pc\Desktop\school management system\.next\server\chunks\4347.js:38:1501)
    at d (C:\Users\pc\Desktop\school management system\.next\server\chunks\4347.js:49:421)
    at C:\Users\pc\Desktop\school management system\.next\server\chunks\4347.js:49:1276
    at C:\Users\pc\Desktop\school management 
system\node_modules\next\dist\compiled\next-server\app-route.runtime.prod.js:6:42490
    at C:\Users\pc\Desktop\school management system\node_modules\next\dist\server\lib\trace\tracer.js:133:36
    at NoopContextManager.with (C:\Users\pc\Desktop\school management 
system\node_modules\next\dist\compiled\@opentelemetry\api\index.js:1:7062)
    at ContextAPI.with (C:\Users\pc\Desktop\school management 
system\node_modules\next\dist\compiled\@opentelemetry\api\index.js:1:518) {
  description: "Page couldn't be rendered statically because it used `cookies`. See more info here: 
https://nextjs.org/docs/messages/dynamic-server-error",
  digest: 'DYNAMIC_SERVER_USAGE'
}
API Error: s [Error]: Dynamic server usage: Page couldn't be rendered statically because it used `cookies`. See more 
info here: https://nextjs.org/docs/messages/dynamic-server-error
    at u (C:\Users\pc\Desktop\school management system\.next\server\chunks\6682.js:6:6008)
    at h (C:\Users\pc\Desktop\school management system\.next\server\chunks\6682.js:6:3486)
    at i (C:\Users\pc\Desktop\school management system\.next\server\app\api\auth\password-reset\route.js:1:2004)
    at o (C:\Users\pc\Desktop\school management system\.next\server\app\api\analytics\school\route.js:8:13610)
    at C:\Users\pc\Desktop\school management system\.next\server\app\api\analytics\school\route.js:19:890
    at C:\Users\pc\Desktop\school management 
system\node_modules\next\dist\compiled\next-server\app-route.runtime.prod.js:6:42490
    at C:\Users\pc\Desktop\school management system\node_modules\next\dist\server\lib\trace\tracer.js:133:36
    at NoopContextManager.with (C:\Users\pc\Desktop\school management 
system\node_modules\next\dist\compiled\@opentelemetry\api\index.js:1:7062)
    at ContextAPI.with (C:\Users\pc\Desktop\school management 
system\node_modules\next\dist\compiled\@opentelemetry\api\index.js:1:518)
    at NoopTracer.startActiveSpan (C:\Users\pc\Desktop\school management 
system\node_modules\next\dist\compiled\@opentelemetry\api\index.js:1:18093) {
  description: "Page couldn't be rendered statically because it used `cookies`. See more info here: 
https://nextjs.org/docs/messages/dynamic-server-error",
  digest: 'DYNAMIC_SERVER_USAGE'
}
API Error: s [Error]: Dynamic server usage: Page couldn't be rendered statically because it used `cookies`. See more 
info here: https://nextjs.org/docs/messages/dynamic-server-error
    at u (C:\Users\pc\Desktop\school management system\.next\server\chunks\6682.js:6:6008)
    at h (C:\Users\pc\Desktop\school management system\.next\server\chunks\6682.js:6:3486)
    at o (C:\Users\pc\Desktop\school management system\.next\server\app\api\attendance\import\route.js:1:8222)
    at u (C:\Users\pc\Desktop\school management system\.next\server\app\api\analytics\class\[id]\route.js:1:2106)
    at c (C:\Users\pc\Desktop\school management system\.next\server\app\api\analytics\class\[id]\route.js:12:421)
    at C:\Users\pc\Desktop\school management system\.next\server\app\api\analytics\class\[id]\route.js:12:1276
    at C:\Users\pc\Desktop\school management 
system\node_modules\next\dist\compiled\next-server\app-route.runtime.prod.js:6:42490
    at C:\Users\pc\Desktop\school management system\node_modules\next\dist\server\lib\trace\tracer.js:133:36
    at NoopContextManager.with (C:\Users\pc\Desktop\school management 
system\node_modules\next\dist\compiled\@opentelemetry\api\index.js:1:7062)
    at ContextAPI.with (C:\Users\pc\Desktop\school management 
system\node_modules\next\dist\compiled\@opentelemetry\api\index.js:1:518) {
  description: "Page couldn't be rendered statically because it used `cookies`. See more info here: 
https://nextjs.org/docs/messages/dynamic-server-error",
  digest: 'DYNAMIC_SERVER_USAGE'
}
API Error: s [Error]: Dynamic server usage: Page couldn't be rendered statically because it used `cookies`. See more 
info here: https://nextjs.org/docs/messages/dynamic-server-error
    at u (C:\Users\pc\Desktop\school management system\.next\server\chunks\6682.js:6:6008)
    at h (C:\Users\pc\Desktop\school management system\.next\server\chunks\6682.js:6:3486)
    at o (C:\Users\pc\Desktop\school management system\.next\server\app\api\attendance\import\route.js:1:8222)
    at u (C:\Users\pc\Desktop\school management system\.next\server\app\api\analytics\class\[id]\route.js:1:2106)
    at C:\Users\pc\Desktop\school management system\.next\server\app\api\analytics\class\[id]\route.js:12:890
    at C:\Users\pc\Desktop\school management 
system\node_modules\next\dist\compiled\next-server\app-route.runtime.prod.js:6:42490
    at C:\Users\pc\Desktop\school management system\node_modules\next\dist\server\lib\trace\tracer.js:133:36
    at NoopContextManager.with (C:\Users\pc\Desktop\school management 
system\node_modules\next\dist\compiled\@opentelemetry\api\index.js:1:7062)
    at ContextAPI.with (C:\Users\pc\Desktop\school management 
system\node_modules\next\dist\compiled\@opentelemetry\api\index.js:1:518)
    at NoopTracer.startActiveSpan (C:\Users\pc\Desktop\school management 
system\node_modules\next\dist\compiled\@opentelemetry\api\index.js:1:18093) {
  description: "Page couldn't be rendered statically because it used `cookies`. See more info here: 
https://nextjs.org/docs/messages/dynamic-server-error",
  digest: 'DYNAMIC_SERVER_USAGE'
}
API Error: s [Error]: Dynamic server usage: Page couldn't be rendered statically because it used `cookies`. See more 
info here: https://nextjs.org/docs/messages/dynamic-server-error
    at u (C:\Users\pc\Desktop\school management system\.next\server\chunks\6682.js:6:6008)
    at h (C:\Users\pc\Desktop\school management system\.next\server\chunks\6682.js:6:3486)
    at i (C:\Users\pc\Desktop\school management system\.next\server\app\api\auth\password-reset\route.js:1:2004)
    at o (C:\Users\pc\Desktop\school management system\.next\server\app\api\analytics\school\route.js:8:13610)
    at l (C:\Users\pc\Desktop\school management system\.next\server\app\api\analytics\school\route.js:19:421)
    at C:\Users\pc\Desktop\school management system\.next\server\app\api\analytics\school\route.js:19:1276
    at C:\Users\pc\Desktop\school management 
system\node_modules\next\dist\compiled\next-server\app-route.runtime.prod.js:6:42490
    at C:\Users\pc\Desktop\school management system\node_modules\next\dist\server\lib\trace\tracer.js:133:36
    at NoopContextManager.with (C:\Users\pc\Desktop\school management 
system\node_modules\next\dist\compiled\@opentelemetry\api\index.js:1:7062)
    at ContextAPI.with (C:\Users\pc\Desktop\school management 
system\node_modules\next\dist\compiled\@opentelemetry\api\index.js:1:518) {
  description: "Page couldn't be rendered statically because it used `cookies`. See more info here: 
https://nextjs.org/docs/messages/dynamic-server-error",
  digest: 'DYNAMIC_SERVER_USAGE'
}
API Error: s [Error]: Dynamic server usage: Page couldn't be rendered statically because it used `cookies`. See more 
info here: https://nextjs.org/docs/messages/dynamic-server-error
    at u (C:\Users\pc\Desktop\school management system\.next\server\chunks\6682.js:6:6008)
    at h (C:\Users\pc\Desktop\school management system\.next\server\chunks\6682.js:6:3486)
    at o (C:\Users\pc\Desktop\school management system\.next\server\app\api\attendance\import\route.js:1:8222)
    at u (C:\Users\pc\Desktop\school management system\.next\server\app\api\analytics\class\[id]\route.js:1:2106)
    at C:\Users\pc\Desktop\school management system\.next\server\app\api\analytics\class\[id]\route.js:12:890
    at C:\Users\pc\Desktop\school management 
system\node_modules\next\dist\compiled\next-server\app-route.runtime.prod.js:6:42490
    at C:\Users\pc\Desktop\school management system\node_modules\next\dist\server\lib\trace\tracer.js:133:36
    at NoopContextManager.with (C:\Users\pc\Desktop\school management 
system\node_modules\next\dist\compiled\@opentelemetry\api\index.js:1:7062)
    at ContextAPI.with (C:\Users\pc\Desktop\school management 
system\node_modules\next\dist\compiled\@opentelemetry\api\index.js:1:518)
    at NoopTracer.startActiveSpan (C:\Users\pc\Desktop\school management 
system\node_modules\next\dist\compiled\@opentelemetry\api\index.js:1:18093) {
  description: "Page couldn't be rendered statically because it used `cookies`. See more info here: 
https://nextjs.org/docs/messages/dynamic-server-error",
  digest: 'DYNAMIC_SERVER_USAGE'
}
API Error: s [Error]: Dynamic server usage: Page couldn't be rendered statically because it used `cookies`. See more 
info here: https://nextjs.org/docs/messages/dynamic-server-error
    at u (C:\Users\pc\Desktop\school management system\.next\server\chunks\6682.js:6:6008)
    at h (C:\Users\pc\Desktop\school management system\.next\server\chunks\6682.js:6:3486)
    at i (C:\Users\pc\Desktop\school management system\.next\server\app\api\academic-years\route.js:12:495)
    at l (C:\Users\pc\Desktop\school management system\.next\server\chunks\4347.js:38:1501)
    at d (C:\Users\pc\Desktop\school management system\.next\server\chunks\4347.js:49:421)
    at C:\Users\pc\Desktop\school management system\.next\server\chunks\4347.js:49:1276
    at C:\Users\pc\Desktop\school management 
system\node_modules\next\dist\compiled\next-server\app-route.runtime.prod.js:6:42490
    at C:\Users\pc\Desktop\school management system\node_modules\next\dist\server\lib\trace\tracer.js:133:36
    at NoopContextManager.with (C:\Users\pc\Desktop\school management 
system\node_modules\next\dist\compiled\@opentelemetry\api\index.js:1:7062)
    at ContextAPI.with (C:\Users\pc\Desktop\school management 
system\node_modules\next\dist\compiled\@opentelemetry\api\index.js:1:518) {
  description: "Page couldn't be rendered statically because it used `cookies`. See more info here: 
https://nextjs.org/docs/messages/dynamic-server-error",
  digest: 'DYNAMIC_SERVER_USAGE'
}
API Error: s [Error]: Dynamic server usage: Page couldn't be rendered statically because it used `cookies`. See more 
info here: https://nextjs.org/docs/messages/dynamic-server-error
    at u (C:\Users\pc\Desktop\school management system\.next\server\chunks\6682.js:6:6008)
    at h (C:\Users\pc\Desktop\school management system\.next\server\chunks\6682.js:6:3486)
    at i (C:\Users\pc\Desktop\school management system\.next\server\app\api\auth\password-reset\route.js:1:2004)
    at o (C:\Users\pc\Desktop\school management system\.next\server\app\api\analytics\school\route.js:8:13610)
    at l (C:\Users\pc\Desktop\school management system\.next\server\app\api\analytics\school\route.js:19:421)
    at C:\Users\pc\Desktop\school management system\.next\server\app\api\analytics\school\route.js:19:1276
    at C:\Users\pc\Desktop\school management 
system\node_modules\next\dist\compiled\next-server\app-route.runtime.prod.js:6:42490
    at C:\Users\pc\Desktop\school management system\node_modules\next\dist\server\lib\trace\tracer.js:133:36
    at NoopContextManager.with (C:\Users\pc\Desktop\school management 
system\node_modules\next\dist\compiled\@opentelemetry\api\index.js:1:7062)
    at ContextAPI.with (C:\Users\pc\Desktop\school management 
system\node_modules\next\dist\compiled\@opentelemetry\api\index.js:1:518) {
  description: "Page couldn't be rendered statically because it used `cookies`. See more info here: 
https://nextjs.org/docs/messages/dynamic-server-error",
  digest: 'DYNAMIC_SERVER_USAGE'
}

   Generating static pages (69/139) 
API Error: s [Error]: Dynamic server usage: Page couldn't be rendered statically because it used `cookies`. See more 
info here: https://nextjs.org/docs/messages/dynamic-server-error
    at u (C:\Users\pc\Desktop\school management system\.next\server\chunks\6682.js:6:6008)
    at h (C:\Users\pc\Desktop\school management system\.next\server\chunks\6682.js:6:3486)
    at o (C:\Users\pc\Desktop\school management system\.next\server\app\api\attendance\import\route.js:1:8222)
    at u (C:\Users\pc\Desktop\school management system\.next\server\app\api\analytics\class\[id]\route.js:1:2106)
    at c (C:\Users\pc\Desktop\school management system\.next\server\app\api\analytics\class\[id]\route.js:12:421)
    at C:\Users\pc\Desktop\school management system\.next\server\app\api\analytics\class\[id]\route.js:12:1276
    at C:\Users\pc\Desktop\school management 
system\node_modules\next\dist\compiled\next-server\app-route.runtime.prod.js:6:42490
    at C:\Users\pc\Desktop\school management system\node_modules\next\dist\server\lib\trace\tracer.js:133:36
    at NoopContextManager.with (C:\Users\pc\Desktop\school management 
system\node_modules\next\dist\compiled\@opentelemetry\api\index.js:1:7062)
    at ContextAPI.with (C:\Users\pc\Desktop\school management 
system\node_modules\next\dist\compiled\@opentelemetry\api\index.js:1:518) {
  description: "Page couldn't be rendered statically because it used `cookies`. See more info here: 
https://nextjs.org/docs/messages/dynamic-server-error",
  digest: 'DYNAMIC_SERVER_USAGE'
}
API Error: s [Error]: Dynamic server usage: Page couldn't be rendered statically because it used `cookies`. See more 
info here: https://nextjs.org/docs/messages/dynamic-server-error
    at u (C:\Users\pc\Desktop\school management system\.next\server\chunks\6682.js:6:6008)
    at h (C:\Users\pc\Desktop\school management system\.next\server\chunks\6682.js:6:3486)
    at i (C:\Users\pc\Desktop\school management system\.next\server\app\api\auth\password-reset\route.js:1:2004)
    at o (C:\Users\pc\Desktop\school management system\.next\server\app\api\analytics\school\route.js:8:13610)
    at l (C:\Users\pc\Desktop\school management system\.next\server\app\api\analytics\school\route.js:19:421)
    at C:\Users\pc\Desktop\school management system\.next\server\app\api\analytics\school\route.js:19:1276
    at C:\Users\pc\Desktop\school management 
system\node_modules\next\dist\compiled\next-server\app-route.runtime.prod.js:6:42490
    at C:\Users\pc\Desktop\school management system\node_modules\next\dist\server\lib\trace\tracer.js:133:36
    at NoopContextManager.with (C:\Users\pc\Desktop\school management 
system\node_modules\next\dist\compiled\@opentelemetry\api\index.js:1:7062)
    at ContextAPI.with (C:\Users\pc\Desktop\school management 
system\node_modules\next\dist\compiled\@opentelemetry\api\index.js:1:518) {
  description: "Page couldn't be rendered statically because it used `cookies`. See more info here: 
https://nextjs.org/docs/messages/dynamic-server-error",
  digest: 'DYNAMIC_SERVER_USAGE'
}
API Error: s [Error]: Dynamic server usage: Page couldn't be rendered statically because it used `cookies`. See more 
info here: https://nextjs.org/docs/messages/dynamic-server-error
    at u (C:\Users\pc\Desktop\school management system\.next\server\chunks\6682.js:6:6008)
    at h (C:\Users\pc\Desktop\school management system\.next\server\chunks\6682.js:6:3486)
    at o (C:\Users\pc\Desktop\school management system\.next\server\app\api\attendance\import\route.js:1:8222)
    at u (C:\Users\pc\Desktop\school management system\.next\server\app\api\analytics\class\[id]\route.js:1:2106)
    at C:\Users\pc\Desktop\school management system\.next\server\app\api\analytics\class\[id]\route.js:12:890
    at C:\Users\pc\Desktop\school management 
system\node_modules\next\dist\compiled\next-server\app-route.runtime.prod.js:6:42490
    at C:\Users\pc\Desktop\school management system\node_modules\next\dist\server\lib\trace\tracer.js:133:36
    at NoopContextManager.with (C:\Users\pc\Desktop\school management 
system\node_modules\next\dist\compiled\@opentelemetry\api\index.js:1:7062)
    at ContextAPI.with (C:\Users\pc\Desktop\school management 
system\node_modules\next\dist\compiled\@opentelemetry\api\index.js:1:518)
    at NoopTracer.startActiveSpan (C:\Users\pc\Desktop\school management 
system\node_modules\next\dist\compiled\@opentelemetry\api\index.js:1:18093) {
  description: "Page couldn't be rendered statically because it used `cookies`. See more info here: 
https://nextjs.org/docs/messages/dynamic-server-error",
  digest: 'DYNAMIC_SERVER_USAGE'
}
API Error: s [Error]: Dynamic server usage: Page couldn't be rendered statically because it used `cookies`. See more 
info here: https://nextjs.org/docs/messages/dynamic-server-error
    at u (C:\Users\pc\Desktop\school management system\.next\server\chunks\6682.js:6:6008)
    at h (C:\Users\pc\Desktop\school management system\.next\server\chunks\6682.js:6:3486)
    at i (C:\Users\pc\Desktop\school management system\.next\server\app\api\auth\password-reset\route.js:1:2004)
    at o (C:\Users\pc\Desktop\school management system\.next\server\app\api\analytics\school\route.js:8:13610)
    at C:\Users\pc\Desktop\school management system\.next\server\app\api\analytics\school\route.js:19:890
    at C:\Users\pc\Desktop\school management 
system\node_modules\next\dist\compiled\next-server\app-route.runtime.prod.js:6:42490
    at C:\Users\pc\Desktop\school management system\node_modules\next\dist\server\lib\trace\tracer.js:133:36
    at NoopContextManager.with (C:\Users\pc\Desktop\school management 
system\node_modules\next\dist\compiled\@opentelemetry\api\index.js:1:7062)
    at ContextAPI.with (C:\Users\pc\Desktop\school management 
system\node_modules\next\dist\compiled\@opentelemetry\api\index.js:1:518)
    at NoopTracer.startActiveSpan (C:\Users\pc\Desktop\school management 
system\node_modules\next\dist\compiled\@opentelemetry\api\index.js:1:18093) {
  description: "Page couldn't be rendered statically because it used `cookies`. See more info here: 
https://nextjs.org/docs/messages/dynamic-server-error",
  digest: 'DYNAMIC_SERVER_USAGE'
}
API Error: s [Error]: Dynamic server usage: Page couldn't be rendered statically because it used `cookies`. See more 
info here: https://nextjs.org/docs/messages/dynamic-server-error
    at u (C:\Users\pc\Desktop\school management system\.next\server\chunks\6682.js:6:6008)
    at h (C:\Users\pc\Desktop\school management system\.next\server\chunks\6682.js:6:3486)
    at i (C:\Users\pc\Desktop\school management system\.next\server\app\api\academic-years\route.js:12:495)
    at l (C:\Users\pc\Desktop\school management system\.next\server\chunks\4347.js:38:1501)
    at d (C:\Users\pc\Desktop\school management system\.next\server\chunks\4347.js:49:421)
    at C:\Users\pc\Desktop\school management system\.next\server\chunks\4347.js:49:1276
    at C:\Users\pc\Desktop\school management 
system\node_modules\next\dist\compiled\next-server\app-route.runtime.prod.js:6:42490
    at C:\Users\pc\Desktop\school management system\node_modules\next\dist\server\lib\trace\tracer.js:133:36
    at NoopContextManager.with (C:\Users\pc\Desktop\school management 
system\node_modules\next\dist\compiled\@opentelemetry\api\index.js:1:7062)
    at ContextAPI.with (C:\Users\pc\Desktop\school management 
system\node_modules\next\dist\compiled\@opentelemetry\api\index.js:1:518) {
  description: "Page couldn't be rendered statically because it used `cookies`. See more info here: 
https://nextjs.org/docs/messages/dynamic-server-error",
  digest: 'DYNAMIC_SERVER_USAGE'
}
API Error: s [Error]: Dynamic server usage: Page couldn't be rendered statically because it used `cookies`. See more 
info here: https://nextjs.org/docs/messages/dynamic-server-error
    at u (C:\Users\pc\Desktop\school management system\.next\server\chunks\6682.js:6:6008)
    at h (C:\Users\pc\Desktop\school management system\.next\server\chunks\6682.js:6:3486)
    at o (C:\Users\pc\Desktop\school management system\.next\server\app\api\attendance\import\route.js:1:8222)
    at u (C:\Users\pc\Desktop\school management system\.next\server\app\api\analytics\class\[id]\route.js:1:2106)
    at C:\Users\pc\Desktop\school management system\.next\server\app\api\analytics\class\[id]\route.js:12:890
    at C:\Users\pc\Desktop\school management 
system\node_modules\next\dist\compiled\next-server\app-route.runtime.prod.js:6:42490
    at C:\Users\pc\Desktop\school management system\node_modules\next\dist\server\lib\trace\tracer.js:133:36
    at NoopContextManager.with (C:\Users\pc\Desktop\school management 
system\node_modules\next\dist\compiled\@opentelemetry\api\index.js:1:7062)
    at ContextAPI.with (C:\Users\pc\Desktop\school management 
system\node_modules\next\dist\compiled\@opentelemetry\api\index.js:1:518)
    at NoopTracer.startActiveSpan (C:\Users\pc\Desktop\school management 
system\node_modules\next\dist\compiled\@opentelemetry\api\index.js:1:18093) {
  description: "Page couldn't be rendered statically because it used `cookies`. See more info here: 
https://nextjs.org/docs/messages/dynamic-server-error",
  digest: 'DYNAMIC_SERVER_USAGE'
}
API Error: s [Error]: Dynamic server usage: Page couldn't be rendered statically because it used `cookies`. See more 
info here: https://nextjs.org/docs/messages/dynamic-server-error
    at u (C:\Users\pc\Desktop\school management system\.next\server\chunks\6682.js:6:6008)
    at h (C:\Users\pc\Desktop\school management system\.next\server\chunks\6682.js:6:3486)
    at i (C:\Users\pc\Desktop\school management system\.next\server\app\api\auth\password-reset\route.js:1:2004)
    at o (C:\Users\pc\Desktop\school management system\.next\server\app\api\analytics\school\route.js:8:13610)
    at l (C:\Users\pc\Desktop\school management system\.next\server\app\api\analytics\school\route.js:19:421)
    at C:\Users\pc\Desktop\school management system\.next\server\app\api\analytics\school\route.js:19:1276
    at C:\Users\pc\Desktop\school management 
system\node_modules\next\dist\compiled\next-server\app-route.runtime.prod.js:6:42490
    at C:\Users\pc\Desktop\school management system\node_modules\next\dist\server\lib\trace\tracer.js:133:36
    at NoopContextManager.with (C:\Users\pc\Desktop\school management 
system\node_modules\next\dist\compiled\@opentelemetry\api\index.js:1:7062)
    at ContextAPI.with (C:\Users\pc\Desktop\school management 
system\node_modules\next\dist\compiled\@opentelemetry\api\index.js:1:518) {
  description: "Page couldn't be rendered statically because it used `cookies`. See more info here: 
https://nextjs.org/docs/messages/dynamic-server-error",
  digest: 'DYNAMIC_SERVER_USAGE'
}
API Error: s [Error]: Dynamic server usage: Page couldn't be rendered statically because it used `cookies`. See more 
info here: https://nextjs.org/docs/messages/dynamic-server-error
    at u (C:\Users\pc\Desktop\school management system\.next\server\chunks\6682.js:6:6008)
    at h (C:\Users\pc\Desktop\school management system\.next\server\chunks\6682.js:6:3486)
    at i (C:\Users\pc\Desktop\school management system\.next\server\app\api\academic-years\route.js:12:495)
    at l (C:\Users\pc\Desktop\school management system\.next\server\chunks\4347.js:38:1501)
    at d (C:\Users\pc\Desktop\school management system\.next\server\chunks\4347.js:49:421)
    at C:\Users\pc\Desktop\school management system\.next\server\chunks\4347.js:49:1276
    at C:\Users\pc\Desktop\school management 
system\node_modules\next\dist\compiled\next-server\app-route.runtime.prod.js:6:42490
    at C:\Users\pc\Desktop\school management system\node_modules\next\dist\server\lib\trace\tracer.js:133:36
    at NoopContextManager.with (C:\Users\pc\Desktop\school management 
system\node_modules\next\dist\compiled\@opentelemetry\api\index.js:1:7062)
    at ContextAPI.with (C:\Users\pc\Desktop\school management 
system\node_modules\next\dist\compiled\@opentelemetry\api\index.js:1:518) {
  description: "Page couldn't be rendered statically because it used `cookies`. See more info here: 
https://nextjs.org/docs/messages/dynamic-server-error",
  digest: 'DYNAMIC_SERVER_USAGE'
}

   Generating static pages (104/139) 

 Ô£ô Generating static pages (139/139) 
   Finalizing page optimization ...
   Collecting build traces ...

Route (app)                                        Size     First Load JS
Ôöî Ôùï /_not-found                                    886 B          85.4 kB
Ôö£ ╬╗ /academics                                     9.13 kB         113 kB
Ôö£ ╬╗ /analytics                                     212 B          84.8 kB
Ôö£ ╬╗ /api/academic-years                            0 B                0 B
Ôö£ ╬╗ /api/admin/users                               0 B                0 B
Ôö£ ╬╗ /api/analytics/class/[id]                      0 B                0 B
Ôö£ ╬╗ /api/analytics/school                          0 B                0 B
Ôö£ ╬╗ /api/analytics/student/[id]/trends             0 B                0 B
Ôö£ ╬╗ /api/announcements                             0 B                0 B
Ôö£ ╬╗ /api/announcements/[id]                        0 B                0 B
Ôö£ ╬╗ /api/assessments                               0 B                0 B
Ôö£ ╬╗ /api/assessments/[id]                          0 B                0 B
Ôö£ ╬╗ /api/assessments/area-results                  0 B                0 B
Ôö£ ╬╗ /api/assessments/bulk                          0 B                0 B
Ôö£ ╬╗ /api/assessments/dashboard                     0 B                0 B
Ôö£ ╬╗ /api/assessments/strand-results                0 B                0 B
Ôö£ ╬╗ /api/assessments/student/[id]                  0 B                0 B
Ôö£ ╬╗ /api/assessments/templates                     0 B                0 B
Ôö£ ╬╗ /api/assessments/templates/[id]                0 B                0 B
Ôö£ ╬╗ /api/assessments/term-lock                     0 B                0 B
Ôö£ ╬╗ /api/assessments/trends                        0 B                0 B
Ôö£ ╬╗ /api/assessments/year-results                  0 B                0 B
Ôö£ ╬╗ /api/attendance                                0 B                0 B
Ôö£ ╬╗ /api/attendance/[id]                           0 B                0 B
Ôö£ ╬╗ /api/attendance/bulk                           0 B                0 B
Ôö£ ╬╗ /api/attendance/class/[classId]                0 B                0 B
Ôö£ ╬╗ /api/attendance/export                         0 B                0 B
Ôö£ ╬╗ /api/attendance/import                         0 B                0 B
Ôö£ ╬╗ /api/attendance/school                         0 B                0 B
Ôö£ ╬╗ /api/attendance/summary/all-classes            0 B                0 B
Ôö£ ╬╗ /api/attendance/summary/class/[classId]        0 B                0 B
Ôö£ ╬╗ /api/attendance/summary/student/[studentId]    0 B                0 B
Ôö£ ╬╗ /api/audit-logs                                0 B                0 B
Ôö£ ╬╗ /api/audit-logs/export                         0 B                0 B
Ôö£ ╬╗ /api/auth/login                                0 B                0 B
Ôö£ ╬╗ /api/auth/logout                               0 B                0 B
Ôö£ ╬╗ /api/auth/password-reset                       0 B                0 B
Ôö£ ╬╗ /api/classes                                   0 B                0 B
Ôö£ ╬╗ /api/communication/announcements               0 B                0 B
Ôö£ ╬╗ /api/communication/announcements/[id]          0 B                0 B
Ôö£ ╬╗ /api/communication/broadcast                   0 B                0 B
Ôö£ ╬╗ /api/communication/messages                    0 B                0 B
Ôö£ ╬╗ /api/communication/messages/[id]               0 B                0 B
Ôö£ ╬╗ /api/communication/messages/read-all           0 B                0 B
Ôö£ ╬╗ /api/communication/messages/recipients         0 B                0 B
Ôö£ ╬╗ /api/communication/notifications               0 B                0 B
Ôö£ ╬╗ /api/communication/notifications/[id]/read     0 B                0 B
Ôö£ ╬╗ /api/communication/notifications/read-all      0 B                0 B
Ôö£ ╬╗ /api/communication/unread-count                0 B                0 B
Ôö£ ╬╗ /api/competencies                              0 B                0 B
Ôö£ ╬╗ /api/competencies/[id]                         0 B                0 B
Ôö£ ╬╗ /api/discipline                                0 B                0 B
Ôö£ ╬╗ /api/discipline/[id]                           0 B                0 B
Ôö£ ╬╗ /api/discipline/[id]/notify                    0 B                0 B
Ôö£ ╬╗ /api/discipline/student/[studentId]            0 B                0 B
Ôö£ ╬╗ /api/discipline/summary                        0 B                0 B
Ôö£ ╬╗ /api/exams                                     0 B                0 B
Ôö£ ╬╗ /api/exams/[id]                                0 B                0 B
Ôö£ ╬╗ /api/exams/calendar                            0 B                0 B
Ôö£ ╬╗ /api/exams/sets                                0 B                0 B
Ôö£ ╬╗ /api/exams/sets/[id]                           0 B                0 B
Ôö£ ╬╗ /api/fee-structures                            0 B                0 B
Ôö£ ╬╗ /api/fees                                      0 B                0 B
Ôö£ ╬╗ /api/fees/[id]                                 0 B                0 B
Ôö£ ╬╗ /api/finance/balances                          0 B                0 B
Ôö£ ╬╗ /api/finance/exceptions                        0 B                0 B
Ôö£ ╬╗ /api/finance/export                            0 B                0 B
Ôö£ ╬╗ /api/finance/recent-payments                   0 B                0 B
Ôö£ ╬╗ /api/finance/stats                             0 B                0 B
Ôö£ ╬╗ /api/learning-areas                            0 B                0 B
Ôö£ ╬╗ /api/learning-areas/[id]                       0 B                0 B
Ôö£ ╬╗ /api/learning-areas/[id]/hierarchy             0 B                0 B
Ôö£ ╬╗ /api/messages                                  0 B                0 B
Ôö£ ╬╗ /api/messages/[id]                             0 B                0 B
Ôö£ ╬╗ /api/messages/read-all                         0 B                0 B
Ôö£ ╬╗ /api/messages/sent                             0 B                0 B
Ôö£ ╬╗ /api/mpesa/c2b/confirmation                    0 B                0 B
Ôö£ ╬╗ /api/mpesa/c2b/register                        0 B                0 B
Ôö£ ╬╗ /api/mpesa/c2b/validation                      0 B                0 B
Ôö£ ╬╗ /api/mpesa/lookup                              0 B                0 B
Ôö£ ╬╗ /api/mpesa/reconcile                           0 B                0 B
Ôö£ ╬╗ /api/mpesa/transactions                        0 B                0 B
Ôö£ ╬╗ /api/notifications                             0 B                0 B
Ôö£ ╬╗ /api/notifications/[id]/read                   0 B                0 B
Ôö£ ╬╗ /api/notifications/bulk                        0 B                0 B
Ôö£ ╬╗ /api/notifications/read-all                    0 B                0 B
Ôö£ ╬╗ /api/notifications/unread-count                0 B                0 B
Ôö£ ╬╗ /api/parent-consents                           0 B                0 B
Ôö£ ╬╗ /api/parent-consents/[id]                      0 B                0 B
Ôö£ ╬╗ /api/payments                                  0 B                0 B
Ôö£ ╬╗ /api/payments/[id]                             0 B                0 B
Ôö£ ╬╗ /api/reports/[id]/pdf                          0 B                0 B
Ôö£ ╬╗ /api/reports/attendance-report                 0 B                0 B
Ôö£ ╬╗ /api/reports/batch-report-cards                0 B                0 B
Ôö£ ╬╗ /api/reports/class-list                        0 B                0 B
Ôö£ ╬╗ /api/reports/class-reports                     0 B                0 B
Ôö£ ╬╗ /api/reports/export                            0 B                0 B
Ôö£ ╬╗ /api/reports/fee-statement                     0 B                0 B
Ôö£ ╬╗ /api/reports/generate                          0 B                0 B
Ôö£ ╬╗ /api/reports/list                              0 B                0 B
Ôö£ ╬╗ /api/reports/print/[studentId]                 0 B                0 B
Ôö£ ╬╗ /api/reports/report-cards                      0 B                0 B
Ôö£ ╬╗ /api/reports/report-cards/[id]                 0 B                0 B
Ôö£ ╬╗ /api/reports/report-cards/[id]/publish         0 B                0 B
Ôö£ ╬╗ /api/reports/report-cards/generate-class       0 B                0 B
Ôö£ ╬╗ /api/reports/report-cards/publish              0 B                0 B
Ôö£ ╬╗ /api/reports/term-report                       0 B                0 B
Ôö£ ╬╗ /api/roles                                     0 B                0 B
Ôö£ ╬╗ /api/settings/academic-years                   0 B                0 B
Ôö£ ╬╗ /api/settings/academic-years/[id]              0 B                0 B
Ôö£ ╬╗ /api/settings/academic-years/[id]/activate     0 B                0 B
Ôö£ ╬╗ /api/settings/classes                          0 B                0 B
Ôö£ ╬╗ /api/settings/classes/[id]                     0 B                0 B
Ôö£ ╬╗ /api/settings/classes/levels                   0 B                0 B
Ôö£ ╬╗ /api/settings/classes/sections                 0 B                0 B
Ôö£ ╬╗ /api/settings/classes/sections/[id]            0 B                0 B
Ôö£ ╬╗ /api/settings/classes/teachers                 0 B                0 B
Ôö£ ╬╗ /api/settings/config                           0 B                0 B
Ôö£ ╬╗ /api/settings/current-context                  0 B                0 B
Ôö£ ╬╗ /api/settings/initialize                       0 B                0 B
Ôö£ ╬╗ /api/settings/logo                             0 B                0 B
Ôö£ ╬╗ /api/settings/reference-data                   0 B                0 B
Ôö£ ╬╗ /api/settings/school                           0 B                0 B
Ôö£ ╬╗ /api/settings/terms                            0 B                0 B
Ôö£ ╬╗ /api/settings/terms/[id]                       0 B                0 B
Ôö£ ╬╗ /api/settings/terms/[id]/activate              0 B                0 B
Ôö£ ╬╗ /api/special-needs                             0 B                0 B
Ôö£ ╬╗ /api/special-needs/[id]                        0 B                0 B
Ôö£ ╬╗ /api/special-needs/export                      0 B                0 B
Ôö£ ╬╗ /api/staff                                     0 B                0 B
Ôö£ ╬╗ /api/staff/[id]                                0 B                0 B
Ôö£ ╬╗ /api/staff/[id]/assignments                    0 B                0 B
Ôö£ ╬╗ /api/staff/[id]/assignments/[assignmentId]     0 B                0 B
Ôö£ ╬╗ /api/staff/[id]/leaves                         0 B                0 B
Ôö£ ╬╗ /api/staff/[id]/leaves/[leaveId]               0 B                0 B
Ôö£ ╬╗ /api/staff/[id]/reactivate                     0 B                0 B
Ôö£ ╬╗ /api/staff/[id]/reset-password                 0 B                0 B
Ôö£ ╬╗ /api/staff/[id]/status-history                 0 B                0 B
Ôö£ ╬╗ /api/strands                                   0 B                0 B
Ôö£ ╬╗ /api/strands/[id]                              0 B                0 B
Ôö£ ╬╗ /api/student-fees                              0 B                0 B
Ôö£ ╬╗ /api/student-fees/[id]/waive                   0 B                0 B
Ôö£ ╬╗ /api/student-fees/bulk-assign                  0 B                0 B
Ôö£ ╬╗ /api/students                                  0 B                0 B
Ôö£ ╬╗ /api/students/[id]                             0 B                0 B
Ôö£ ╬╗ /api/students/[id]/attendance                  0 B                0 B
Ôö£ ╬╗ /api/students/[id]/attendance-summary          0 B                0 B
Ôö£ ╬╗ /api/students/[id]/class-history               0 B                0 B
Ôö£ ╬╗ /api/students/[id]/discipline                  0 B                0 B
Ôö£ ╬╗ /api/students/[id]/fee-summary                 0 B                0 B
Ôö£ ╬╗ /api/students/[id]/fees                        0 B                0 B
Ôö£ ╬╗ /api/students/[id]/guardians                   0 B                0 B
Ôö£ ╬╗ /api/students/[id]/guardians/[guardianUserId]  0 B                0 B
Ôö£ ╬╗ /api/students/[id]/lifecycle                   0 B                0 B
Ôö£ ╬╗ /api/students/[id]/payments                    0 B                0 B
Ôö£ ╬╗ /api/students/[id]/performance-summary         0 B                0 B
Ôö£ ╬╗ /api/students/bulk                             0 B                0 B
Ôö£ ╬╗ /api/students/export                           0 B                0 B
Ôö£ ╬╗ /api/students/import                           0 B                0 B
Ôö£ ╬╗ /api/students/stats                            0 B                0 B
Ôö£ ╬╗ /api/sub-strands                               0 B                0 B
Ôö£ ╬╗ /api/sub-strands/[id]                          0 B                0 B
Ôö£ ╬╗ /api/teacher-subjects                          0 B                0 B
Ôö£ ╬╗ /api/teacher-subjects/[id]                     0 B                0 B
Ôö£ ╬╗ /api/terms                                     0 B                0 B
Ôö£ ╬╗ /api/timetable                                 0 B                0 B
Ôö£ ╬╗ /api/timetable/[id]                            0 B                0 B
Ôö£ ╬╗ /api/timetable/bell-times                      0 B                0 B
Ôö£ ╬╗ /api/timetable/copy                            0 B                0 B
Ôö£ ╬╗ /api/timetable/export                          0 B                0 B
Ôö£ ╬╗ /api/timetable/teacher/[id]                    0 B                0 B
Ôö£ ╬╗ /api/upload                                    0 B                0 B
Ôö£ ╬╗ /api/users                                     0 B                0 B
Ôö£ ╬╗ /api/users/[id]                                0 B                0 B
Ôö£ ╬╗ /api/users/[id]/hard-delete                    0 B                0 B
Ôö£ ╬╗ /api/users/[id]/profile                        0 B                0 B
Ôö£ ╬╗ /assessments                                   12 kB           166 kB
Ôö£ ╬╗ /attendance                                    12.9 kB         167 kB
Ôö£ ╬╗ /attendance/import                             7.91 kB         162 kB
Ôö£ ╬╗ /classes                                       5.75 kB         104 kB
Ôö£ ╬╗ /communication                                 2.35 kB        86.9 kB
Ôö£ ╬╗ /compliance                                    1.79 kB         100 kB
Ôö£ ╬╗ /compliance/audit-logs                         4.19 kB         162 kB
Ôö£ ╬╗ /compliance/special-needs                      7.39 kB         165 kB
Ôö£ ╬╗ /dashboard                                     7.75 kB         156 kB
Ôö£ ╬╗ /discipline                                    11.1 kB         196 kB
Ôö£ ╬╗ /exams                                         12.8 kB         169 kB
Ôö£ ╬╗ /finance                                       10.7 kB         162 kB
Ôö£ ╬╗ /finance/fee-structures                        9.8 kB          187 kB
Ôö£ ╬╗ /finance/fee-structures/[id]/assignments       5.56 kB         156 kB
Ôö£ ╬╗ /finance/ledger/[studentId]                    4.61 kB         161 kB
Ôö£ ╬╗ /finance/mpesa                                 7.73 kB         159 kB
Ôö£ ╬╗ /finance/payments                              6.46 kB         163 kB
Ôö£ ╬╗ /finance/payments/new                          11.9 kB         185 kB
Ôö£ Ôùï /icon.svg                                      0 B                0 B
Ôö£ ╬╗ /library                                       11.6 kB         167 kB
Ôö£ ╬╗ /login                                         4.47 kB         159 kB
Ôö£ ╬╗ /profile                                       6 kB            159 kB
Ôö£ ╬╗ /reports                                       5.7 kB          109 kB
Ôö£ ╬╗ /reports/[id]                                  1.95 kB         115 kB
Ôö£ ╬╗ /reports/generate                              3.82 kB         117 kB
Ôö£ ╬╗ /settings                                      10 kB           165 kB
Ôö£ ╬╗ /staff                                         5.49 kB         122 kB
Ôö£ ╬╗ /staff/[id]                                    2.36 kB         105 kB
Ôö£ ╬╗ /staff/[id]/assignments/new                    7.07 kB         135 kB
Ôö£ ╬╗ /staff/[id]/deactivate                         4.98 kB         153 kB
Ôö£ ╬╗ /staff/[id]/edit                               164 B           191 kB
Ôö£ ╬╗ /staff/[id]/leaves/new                         1.84 kB         105 kB
Ôö£ ╬╗ /staff/new                                     163 B           191 kB
Ôö£ ╬╗ /students                                      10.8 kB         176 kB
Ôö£ ╬╗ /students/[id]                                 13.5 kB         178 kB
Ôö£ ╬╗ /students/[id]/edit                            6.95 kB         161 kB
Ôö£ ╬╗ /students/import                               8.16 kB         159 kB
Ôö£ ╬╗ /students/new                                  8.16 kB         191 kB
Ôö£ ╬╗ /teachers                                      212 B          84.8 kB
Ôö£ ╬╗ /timetable                                     8.76 kB         186 kB
Ôöö ╬╗ /users                                         9.89 kB         170 kB
+ First Load JS shared by all                      84.6 kB
  Ôö£ chunks/8069-4431a9ead683ac5d.js                28.9 kB
  Ôö£ chunks/fd9d1056-49c8396916863f30.js            53.4 kB
  Ôöö other shared chunks (total)                    2.27 kB


ãÆ Middleware                                       157 kB

Ôùï  (Static)   prerendered as static content
╬╗  (Dynamic)  server-rendered on demand using Node.js

